// 同步 ID: 670638b0 @ Thu Jul 16 10:12:11 UTC 2026
// 同步 ID: d5a9807a @ Thu Jul 16 12:03:57 UTC 2026
// 重构日志: 690b6224
// 重构日志: 8e15ede2
// 重构日志: d1fa8965
// 重构日志: f850c674
// 重构日志: 026b7099
// 重构日志: 70deec07
// 同步 ID: d26ab184 @ Tue Jul 21 01:24:31 UTC 2026
// 同步 ID: 6a49ffba @ Tue Jul 21 05:09:02 UTC 2026
// 同步 ID: fdc5665a @ Tue Jul 21 08:08:08 UTC 2026
// 重构日志: 8d6eb2f8
// 重构日志: 2e6ad3e0
// 同步 ID: a95e6ab1 @ Wed Jul 22 05:33:18 UTC 2026
// 同步 ID: 4f765064 @ Wed Jul 22 10:56:13 UTC 2026
// 同步 ID: 333b6949 @ Thu Jul 23 14:01:58 UTC 2026
// 同步 ID: 963bc9c5 @ Thu Jul 23 17:36:00 UTC 2026
// 同步 ID: 64cf5f92 @ Fri Jul 24 01:59:46 UTC 2026
// 重构日志: 67743716
// 重构日志: c8cdb62d
// 同步 ID: 19f93d89 @ Sat Jul 25 02:06:46 UTC 2026
// 重构日志: 5c40b051
// 重构日志: 02886752
// 同步 ID: 3d12e239 @ Sat Jul 25 13:15:14 UTC 2026
// 同步 ID: 05668850 @ Sat Jul 25 23:49:14 UTC 2026
// 同步 ID: 44c2d2b8 @ Sun Jul 26 12:35:52 UTC 2026
// 同步 ID: 85af268a @ Sun Jul 26 18:35:59 UTC 2026
// 同步 ID: 9f6c49b4 @ Mon Jul 27 01:56:40 UTC 2026
// 同步 ID: 07c5a23d @ Tue Jul 28 23:59:33 UTC 2026
// 同步 ID: 4c9c5194 @ Thu Jul 30 15:23:16 UTC 2026
